Archive member included to satisfy reference by file (symbol)

C:/ST/STM32CubeIDE_1.17.0/STM32CubeIDE/plugins/com.st.stm32cube.ide.mcu.externaltools.gnu-tools-for-stm32.12.3.rel1.win32_1.1.0.202410251130/tools/bin/../lib/gcc/arm-none-eabi/12.3.1/../../../../arm-none-eabi/lib/thumb/v7e-m+fp/hard\libc_nano.a(libc_a-exit.o)
                              C:/ST/STM32CubeIDE_1.17.0/STM32CubeIDE/plugins/com.st.stm32cube.ide.mcu.externaltools.gnu-tools-for-stm32.12.3.rel1.win32_1.1.0.202410251130/tools/bin/../lib/gcc/arm-none-eabi/12.3.1/../../../../arm-none-eabi/lib/thumb/v7e-m+fp/hard/crt0.o (exit)
C:/ST/STM32CubeIDE_1.17.0/STM32CubeIDE/plugins/com.st.stm32cube.ide.mcu.externaltools.gnu-tools-for-stm32.12.3.rel1.win32_1.1.0.202410251130/tools/bin/../lib/gcc/arm-none-eabi/12.3.1/../../../../arm-none-eabi/lib/thumb/v7e-m+fp/hard\libc_nano.a(libc_a-findfp.o)
                              C:/ST/STM32CubeIDE_1.17.0/STM32CubeIDE/plugins/com.st.stm32cube.ide.mcu.externaltools.gnu-tools-for-stm32.12.3.rel1.win32_1.1.0.202410251130/tools/bin/../lib/gcc/arm-none-eabi/12.3.1/../../../../arm-none-eabi/lib/thumb/v7e-m+fp/hard\libc_nano.a(libc_a-exit.o) (__stdio_exit_handler)
C:/ST/STM32CubeIDE_1.17.0/STM32CubeIDE/plugins/com.st.stm32cube.ide.mcu.externaltools.gnu-tools-for-stm32.12.3.rel1.win32_1.1.0.202410251130/tools/bin/../lib/gcc/arm-none-eabi/12.3.1/../../../../arm-none-eabi/lib/thumb/v7e-m+fp/hard\libc_nano.a(libc_a-fwalk.o)
                              C:/ST/STM32CubeIDE_1.17.0/STM32CubeIDE/plugins/com.st.stm32cube.ide.mcu.externaltools.gnu-tools-for-stm32.12.3.rel1.win32_1.1.0.202410251130/tools/bin/../lib/gcc/arm-none-eabi/12.3.1/../../../../arm-none-eabi/lib/thumb/v7e-m+fp/hard\libc_nano.a(libc_a-findfp.o) (_fwalk_sglue)
C:/ST/STM32CubeIDE_1.17.0/STM32CubeIDE/plugins/com.st.stm32cube.ide.mcu.externaltools.gnu-tools-for-stm32.12.3.rel1.win32_1.1.0.202410251130/tools/bin/../lib/gcc/arm-none-eabi/12.3.1/../../../../arm-none-eabi/lib/thumb/v7e-m+fp/hard\libc_nano.a(libc_a-stdio.o)
                              C:/ST/STM32CubeIDE_1.17.0/STM32CubeIDE/plugins/com.st.stm32cube.ide.mcu.externaltools.gnu-tools-for-stm32.12.3.rel1.win32_1.1.0.202410251130/tools/bin/../lib/gcc/arm-none-eabi/12.3.1/../../../../arm-none-eabi/lib/thumb/v7e-m+fp/hard\libc_nano.a(libc_a-findfp.o) (__sread)
C:/ST/STM32CubeIDE_1.17.0/STM32CubeIDE/plugins/com.st.stm32cube.ide.mcu.externaltools.gnu-tools-for-stm32.12.3.rel1.win32_1.1.0.202410251130/tools/bin/../lib/gcc/arm-none-eabi/12.3.1/../../../../arm-none-eabi/lib/thumb/v7e-m+fp/hard\libc_nano.a(libc_a-memset.o)
                              C:/ST/STM32CubeIDE_1.17.0/STM32CubeIDE/plugins/com.st.stm32cube.ide.mcu.externaltools.gnu-tools-for-stm32.12.3.rel1.win32_1.1.0.202410251130/tools/bin/../lib/gcc/arm-none-eabi/12.3.1/../../../../arm-none-eabi/lib/thumb/v7e-m+fp/hard/crt0.o (memset)
C:/ST/STM32CubeIDE_1.17.0/STM32CubeIDE/plugins/com.st.stm32cube.ide.mcu.externaltools.gnu-tools-for-stm32.12.3.rel1.win32_1.1.0.202410251130/tools/bin/../lib/gcc/arm-none-eabi/12.3.1/../../../../arm-none-eabi/lib/thumb/v7e-m+fp/hard\libc_nano.a(libc_a-closer.o)
                              C:/ST/STM32CubeIDE_1.17.0/STM32CubeIDE/plugins/com.st.stm32cube.ide.mcu.externaltools.gnu-tools-for-stm32.12.3.rel1.win32_1.1.0.202410251130/tools/bin/../lib/gcc/arm-none-eabi/12.3.1/../../../../arm-none-eabi/lib/thumb/v7e-m+fp/hard\libc_nano.a(libc_a-stdio.o) (_close_r)
C:/ST/STM32CubeIDE_1.17.0/STM32CubeIDE/plugins/com.st.stm32cube.ide.mcu.externaltools.gnu-tools-for-stm32.12.3.rel1.win32_1.1.0.202410251130/tools/bin/../lib/gcc/arm-none-eabi/12.3.1/../../../../arm-none-eabi/lib/thumb/v7e-m+fp/hard\libc_nano.a(libc_a-reent.o)
                              C:/ST/STM32CubeIDE_1.17.0/STM32CubeIDE/plugins/com.st.stm32cube.ide.mcu.externaltools.gnu-tools-for-stm32.12.3.rel1.win32_1.1.0.202410251130/tools/bin/../lib/gcc/arm-none-eabi/12.3.1/../../../../arm-none-eabi/lib/thumb/v7e-m+fp/hard\libc_nano.a(libc_a-closer.o) (errno)
C:/ST/STM32CubeIDE_1.17.0/STM32CubeIDE/plugins/com.st.stm32cube.ide.mcu.externaltools.gnu-tools-for-stm32.12.3.rel1.win32_1.1.0.202410251130/tools/bin/../lib/gcc/arm-none-eabi/12.3.1/../../../../arm-none-eabi/lib/thumb/v7e-m+fp/hard\libc_nano.a(libc_a-impure.o)
                              C:/ST/STM32CubeIDE_1.17.0/STM32CubeIDE/plugins/com.st.stm32cube.ide.mcu.externaltools.gnu-tools-for-stm32.12.3.rel1.win32_1.1.0.202410251130/tools/bin/../lib/gcc/arm-none-eabi/12.3.1/../../../../arm-none-eabi/lib/thumb/v7e-m+fp/hard\libc_nano.a(libc_a-reent.o) (_impure_ptr)
C:/ST/STM32CubeIDE_1.17.0/STM32CubeIDE/plugins/com.st.stm32cube.ide.mcu.externaltools.gnu-tools-for-stm32.12.3.rel1.win32_1.1.0.202410251130/tools/bin/../lib/gcc/arm-none-eabi/12.3.1/../../../../arm-none-eabi/lib/thumb/v7e-m+fp/hard\libc_nano.a(libc_a-lseekr.o)
[...]
Memory Configuration

Name             Origin             Length             Attributes
RAM              0x20000000         0x00010000         xrw
FLASH            0x08000000         0x00040000         xr
*default*        0x00000000         0xffffffff

Linker script and memory map

LOAD C:/ST/STM32CubeIDE_1.17.0/STM32CubeIDE/plugins/com.st.stm32cube.ide.mcu.externaltools.gnu-tools-for-stm32.12.3.rel1.win32_1.1.0.202410251130/tools/bin/../lib/gcc/arm-none-eabi/12.3.1/thumb/v7e-m+fp/hard/crti.o
LOAD C:/ST/STM32CubeIDE_1.17.0/STM32CubeIDE/plugins/com.st.stm32cube.ide.mcu.externaltools.gnu-tools-for-stm32.12.3.rel1.win32_1.1.0.202410251130/tools/bin/../lib/gcc/arm-none-eabi/12.3.1/thumb/v7e-m+fp/hard/crtbegin.o
LOAD C:/ST/STM32CubeIDE_1.17.0/STM32CubeIDE/plugins/com.st.stm32cube.ide.mcu.externaltools.gnu-tools-for-stm32.12.3.rel1.win32_1.1.0.202410251130/tools/bin/../lib/gcc/arm-none-eabi/12.3.1/../../../../arm-none-eabi/lib/thumb/v7e-m+fp/hard/crt0.o
LOAD ./Core/Src/RM3100.o
LOAD ./Core/Src/main.o
LOAD ./Core/Src/stm32f4xx_hal_msp.o
LOAD ./Core/Src/stm32f4xx_it.o
LOAD ./Core/Src/syscalls.o
LOAD ./Core/Src/sysmem.o
LOAD ./Core/Src/system_stm32f4xx.o
LOAD ./Core/Startup/startup_stm32f401ccux.o
LOAD ./Drivers/STM32F4xx_HAL_Driver/Src/stm32f4xx_hal.o
LOAD ./Drivers/STM32F4xx_HAL_Driver/Src/stm32f4xx_hal_cortex.o
LOAD ./Drivers/STM32F4xx_HAL_Driver/Src/stm32f4xx_hal_dma.o
LOAD ./Drivers/STM32F4xx_HAL_Driver/Src/stm32f4xx_hal_dma_ex.o
LOAD ./Drivers/STM32F4xx_HAL_Driver/Src/stm32f4xx_hal_exti.o
LOAD ./Drivers/STM32F4xx_HAL_Driver/Src/stm32f4xx_hal_flash.o
LOAD ./Drivers/STM32F4xx_HAL_Driver/Src/stm32f4xx_hal_flash_ex.o
LOAD ./Drivers/STM32F4xx_HAL_Driver/Src/stm32f4xx_hal_flash_ramfunc.o
LOAD ./Drivers/STM32F4xx_HAL_Driver/Src/stm32f4xx_hal_gpio.o
LOAD ./Drivers/STM32F4xx_HAL_Driver/Src/stm32f4xx_hal_pwr.o
LOAD ./Drivers/STM32F4xx_HAL_Driver/Src/stm32f4xx_hal_pwr_ex.o
LOAD ./Drivers/STM32F4xx_HAL_Driver/Src/stm32f4xx_hal_rcc.o
LOAD ./Drivers/STM32F4xx_HAL_Driver/Src/stm32f4xx_hal_rcc_ex.o
LOAD ./Drivers/STM32F4xx_HAL_Driver/Src/stm32f4xx_hal_spi.o
LOAD ./Drivers/STM32F4xx_HAL_Driver/Src/stm32f4xx_hal_uart.o
START GROUP
LOAD C:/ST/STM32CubeIDE_1.17.0/STM32CubeIDE/plugins/com.st.stm32cube.ide.mcu.externaltools.gnu-tools-for-stm32.12.3.rel1.win32_1.1.0.202410251130/tools/bin/../lib/gcc/arm-none-eabi/12.3.1/../../../../arm-none-eabi/lib/thumb/v7e-m+fp/hard\libc_nano.a
LOAD C:/ST/STM32CubeIDE_1.17.0/STM32CubeIDE/plugins/com.st.stm32cube.ide.mcu.externaltools.gnu-tools-for-stm32.12.3.rel1.win32_1.1.0.202410251130/tools/bin/../lib/gcc/arm-none-eabi/12.3.1/../../../../arm-none-eabi/lib/thumb/v7e-m+fp/hard\libm.a
END GROUP
START GROUP
LOAD C:/ST/STM32CubeIDE_1.17.0/STM32CubeIDE/plugins/com.st.stm32cube.ide.mcu.externaltools.gnu-tools-for-stm32.12.3.rel1.win32_1.1.0.202410251130/tools/bin/../lib/gcc/arm-none-eabi/12.3.1/thumb/v7e-m+fp/hard\libgcc.a
LOAD C:/ST/STM32CubeIDE_1.17.0/STM32CubeIDE/plugins/com.st.stm32cube.ide.mcu.externaltools.gnu-tools-for-stm32.12.3.rel1.win32_1.1.0.202410251130/tools/bin/../lib/gcc/arm-none-eabi/12.3.1/../../../../arm-none-eabi/lib/thumb/v7e-m+fp/hard\libg_nano.a
LOAD C:/ST/STM32CubeIDE_1.17.0/STM32CubeIDE/plugins/com.st.stm32cube.ide.mcu.externaltools.gnu-tools-for-stm32.12.3.rel1.win32_1.1.0.202410251130/tools/bin/../lib/gcc/arm-none-eabi/12.3.1/../../../../arm-none-eabi/lib/thumb/v7e-m+fp/hard\libc_nano.a
END GROUP
START GROUP
LOAD C:/ST/STM32CubeIDE_1.17.0/STM32CubeIDE/plugins/com.st.stm32cube.ide.mcu.externaltools.gnu-tools-for-stm32.12.3.rel1.win32_1.1.0.202410251130/tools/bin/../lib/gcc/arm-none-eabi/12.3.1/thumb/v7e-m+fp/hard\libgcc.a
LOAD C:/ST/STM32CubeIDE_1.17.0/STM32CubeIDE/plugins/com.st.stm32cube.ide.mcu.externaltools.gnu-tools-for-stm32.12.3.rel1.win32_1.1.0.202410251130/tools/bin/../lib/gcc/arm-none-eabi/12.3.1/../../../../arm-none-eabi/lib/thumb/v7e-m+fp/hard\libc_nano.a
LOAD C:/ST/STM32CubeIDE_1.17.0/STM32CubeIDE/plugins/com.st.stm32cube.ide.mcu.externaltools.gnu-tools-for-stm32.12.3.rel1.win32_1.1.0.202410251130/tools/bin/../lib/gcc/arm-none-eabi/12.3.1/../../../../arm-none-eabi/lib/thumb/v7e-m+fp/hard\libnosys.a
END GROUP
START GROUP
LOAD C:/ST/STM32CubeIDE_1.17.0/STM32CubeIDE/plugins/com.st.stm32cube.ide.mcu.externaltools.gnu-tools-for-stm32.12.3.rel1.win32_1.1.0.202410251130/tools/bin/../lib/gcc/arm-none-eabi/12.3.1/thumb/v7e-m+fp/hard\libgcc.a
LOAD C:/ST/STM32CubeIDE_1.17.0/STM32CubeIDE/plugins/com.st.stm32cube.ide.mcu.externaltools.gnu-tools-for-stm32.12.3.rel1.win32_1.1.0.202410251130/tools/bin/../lib/gcc/arm-none-eabi/12.3.1/../../../../arm-none-eabi/lib/thumb/v7e-m+fp/hard\libc_nano.a
LOAD C:/ST/STM32CubeIDE_1.17.0/STM32CubeIDE/plugins/com.st.stm32cube.ide.mcu.externaltools.gnu-tools-for-stm32.12.3.rel1.win32_1.1.0.202410251130/tools/bin/../lib/gcc/arm-none-eabi/12.3.1/../../../../arm-none-eabi/lib/thumb/v7e-m+fp/hard\libnosys.a
END GROUP
LOAD C:/ST/STM32CubeIDE_1.17.0/STM32CubeIDE/plugins/com.st.stm32cube.ide.mcu.externaltools.gnu-tools-for-stm32.12.3.rel1.win32_1.1.0.202410251130/tools/bin/../lib/gcc/arm-none-eabi/12.3.1/thumb/v7e-m+fp/hard/crtend.o
LOAD C:/ST/STM32CubeIDE_1.17.0/STM32CubeIDE/plugins/com.st.stm32cube.ide.mcu.externaltools.gnu-tools-for-stm32.12.3.rel1.win32_1.1.0.202410251130/tools/bin/../lib/gcc/arm-none-eabi/12.3.1/thumb/v7e-m+fp/hard/crtn.o
                0x20010000                        _estack = (ORIGIN (RAM) + LENGTH (RAM))
                0x00000200                        _Min_Heap_Size = 0x200
                0x00000400                        _Min_Stack_Size = 0x400

.isr_vector     0x08000000      0x194
                0x08000000                        . = ALIGN (0x4)
 *(.isr_vector)
 .isr_vector    0x08000000      0x194 ./Core/Startup/startup_stm32f401ccux.o
                0x08000000                g_pfnVectors
                0x08000194                        . = ALIGN (0x4)

.text           0x08000198     0x32b4
                0x08000198                        . = ALIGN (0x4)
 *(.text)
 .text          0x08000198       0x40 C:/ST/STM32CubeIDE_1.17.0/STM32CubeIDE/plugins/com.st.stm32cube.ide.mcu.externaltools.gnu-tools-for-stm32.12.3.rel1.win32_1.1.0.202410251130/tools/bin/../lib/gcc/arm-none-eabi/12.3.1/thumb/v7e-m+fp/hard/crtbegin.o
 .text          0x080001d8      0x254 C:/ST/STM32CubeIDE_1.17.0/STM32CubeIDE/plugins/com.st.stm32cube.ide.mcu.externaltools.gnu-tools-for-stm32.12.3.rel1.win32_1.1.0.202410251130/tools/bin/../lib/gcc/arm-none-eabi/12.3.1/thumb/v7e-m+fp/hard\libgcc.a(_arm_muldf3.o)
                0x080001d8                __muldf3
                0x080001d8                __aeabi_dmul
 .text          0x0800042c      0x378 C:/ST/STM32CubeIDE_1.17.0/STM32CubeIDE/plugins/com.st.stm32cube.ide.mcu.externaltools.gnu-tools-for-stm32.12.3.rel1.win32_1.1.0.202410251130/tools/bin/../lib/gcc/arm-none-eabi/12.3.1/thumb/v7e-m+fp/hard\libgcc.a(_arm_addsubdf3.o)
                0x0800042c                __aeabi_drsub
                0x08000434                __aeabi_dsub
                0x08000434                __subdf3
                0x08000438                __aeabi_dadd
                0x08000438                __adddf3
                0x080006b0                __floatunsidf
                0x080006b0                __aeabi_ui2d
                0x080006d0                __floatsidf
                0x080006d0                __aeabi_i2d
                0x080006f4                __aeabi_f2d
                0x080006f4                __extendsfdf2
                0x08000738                __floatundidf
                0x08000738                __aeabi_ul2d
                0x08000748                __floatdidf
                0x08000748                __aeabi_l2d
 .text          0x080007a4       0xa0 C:/ST/STM32CubeIDE_1.17.0/STM32CubeIDE/plugins/com.st.stm32cube.ide.mcu.externaltools.gnu-tools-for-stm32.12.3.rel1.win32_1.1.0.202410251130/tools/bin/../lib/gcc/arm-none-eabi/12.3.1/thumb/v7e-m+fp/hard\libgcc.a(_arm_truncdfsf2.o)
                0x080007a4                __truncdfsf2
                0x080007a4                __aeabi_d2f
 .text          0x08000844       0x30 C:/ST/STM32CubeIDE_1.17.0/STM32CubeIDE/plugins/com.st.stm32cube.ide.mcu.externaltools.gnu-tools-for-stm32.12.3.rel1.win32_1.1.0.202410251130/tools/bin/../lib/gcc/arm-none-eabi/12.3.1/thumb/v7e-m+fp/hard\libgcc.a(_aeabi_uldivmod.o)
                0x08000844                __aeabi_uldivmod
 .text          0x08000874      0x2bc C:/ST/STM32CubeIDE_1.17.0/STM32CubeIDE/plugins/com.st.stm32cube.ide.mcu.externaltools.gnu-tools-for-stm32.12.3.rel1.win32_1.1.0.202410251130/tools/bin/../lib/gcc/arm-none-eabi/12.3.1/thumb/v7e-m+fp/hard\libgcc.a(_udivmoddi4.o)
                0x08000874                __udivmoddi4
 .text          0x08000b30        0x4 C:/ST/STM32CubeIDE_1.17.0/STM32CubeIDE/plugins/com.st.stm32cube.ide.mcu.externaltools.gnu-tools-for-stm32.12.3.rel1.win32_1.1.0.202410251130/tools/bin/../lib/gcc/arm-none-eabi/12.3.1/thumb/v7e-m+fp/hard\libgcc.a(_dvmd_tls.o)
                0x08000b30                __aeabi_idiv0
                0x08000b30                __aeabi_ldiv0
 *(.text*)
 .text.Set_CMM_Register
                0x08000b34       0x58 ./Core/Src/RM3100.o
                0x08000b34                Set_CMM_Register
 .text.Convert_Measurement_to_Int24
                0x08000b8c       0x44 ./Core/Src/RM3100.o
                0x08000b8c                Convert_Measurement_to_Int24
 .text.Check_RM3100_Status
                0x08000bd0       0x64 ./Core/Src/main.o
                0x08000bd0                Check_RM3100_Status
 .text.RM3100_Init
                0x08000c34      0x20c ./Core/Src/main.o
                0x08000c34                RM3100_Init
 .text.main     0x08000e40      0x168 ./Core/Src/main.o
                0x08000e40                main
 .text.SystemClock_Config
                0x08000fa8       0xd4 ./Core/Src/main.o
                0x08000fa8                SystemClock_Config
 .text.MX_SPI1_Init
                0x0800107c       0x6c ./Core/Src/main.o
 .text.MX_USART1_UART_Init
                0x080010e8       0x54 ./Core/Src/main.o
 .text.MX_GPIO_Init
                0x0800113c       0x84 ./Core/Src/main.o
 .text.Error_Handler
                0x080011c0        0xc ./Core/Src/main.o
                0x080011c0                Error_Handler
 .text.HAL_MspInit
                0x080011cc       0x50 ./Core/Src/stm32f4xx_hal_msp.o
                0x080011cc                HAL_MspInit
 .text.HAL_SPI_MspInit
                0x0800121c       0x90 ./Core/Src/stm32f4xx_hal_msp.o
                0x0800121c                HAL_SPI_MspInit
 .text.HAL_UART_MspInit
                0x080012ac       0x90 ./Core/Src/stm32f4xx_hal_msp.o
                0x080012ac                HAL_UART_MspInit
 .text.NMI_Handler
                0x0800133c        0x8 ./Core/Src/stm32f4xx_it.o
                0x0800133c                NMI_Handler
 .text.HardFault_Handler
                0x08001344        0x8 ./Core/Src/stm32f4xx_it.o
                0x08001344                HardFault_Handler
 .text.MemManage_Handler
                0x0800134c        0x8 ./Core/Src/stm32f4xx_it.o
                0x0800134c                MemManage_Handler
 .text.BusFault_Handler
                0x08001354        0x8 ./Core/Src/stm32f4xx_it.o
                0x08001354                BusFault_Handler
 .text.UsageFault_Handler
                0x0800135c        0x8 ./Core/Src/stm32f4xx_it.o
                0x0800135c                UsageFault_Handler
 .text.SVC_Handler
                0x08001364        0xe ./Core/Src/stm32f4xx_it.o
                0x08001364                SVC_Handler
 .text.DebugMon_Handler
                0x08001372        0xe ./Core/Src/stm32f4xx_it.o
                0x08001372                DebugMon_Handler
 .text.PendSV_Handler
                0x08001380        0xe ./Core/Src/stm32f4xx_it.o
                0x08001380                PendSV_Handler
 .text.SysTick_Handler
                0x0800138e        0xc ./Core/Src/stm32f4xx_it.o
                0x0800138e                SysTick_Handler
 *fill*         0x0800139a        0x2 
 .text.SystemInit
                0x0800139c       0x24 ./Core/Src/system_stm32f4xx.o
                0x0800139c                SystemInit
 .text.Reset_Handler
                0x080013c0       0x50 ./Core/Startup/startup_stm32f401ccux.o
                0x080013c0                Reset_Handler
 .text.Default_Handler
                0x08001410        0x2 ./Core/Startup/startup_stm32f401ccux.o
                0x08001410                RTC_Alarm_IRQHandler
                0x08001410                EXTI2_IRQHandler
                0x08001410                SPI4_IRQHandler
                0x08001410                TIM1_CC_IRQHandler
                0x08001410                DMA2_Stream5_IRQHandler
                0x08001410                DMA1_Stream5_IRQHandler
                0x08001410                PVD_IRQHandler
                0x08001410                SDIO_IRQHandler
                0x08001410                TAMP_STAMP_IRQHandler
                0x08001410                EXTI3_IRQHandler
                0x08001410                TIM1_UP_TIM10_IRQHandler
                0x08001410                I2C3_ER_IRQHandler
                0x08001410                EXTI0_IRQHandler
                0x08001410                I2C2_EV_IRQHandler
                0x08001410                DMA1_Stream2_IRQHandler
                0x08001410                FPU_IRQHandler
                0x08001410                DMA2_Stream2_IRQHandler
                0x08001410                SPI1_IRQHandler
                0x08001410                TIM1_BRK_TIM9_IRQHandler
                0x08001410                DMA2_Stream3_IRQHandler
                0x08001410                USART6_IRQHandler
                0x08001410                DMA2_Stream0_IRQHandler
                0x08001410                TIM4_IRQHandler
                0x08001410                I2C1_EV_IRQHandler
                0x08001410                DMA1_Stream6_IRQHandler
                0x08001410                DMA1_Stream1_IRQHandler
                0x08001410                TIM3_IRQHandler
                0x08001410                RCC_IRQHandler
                0x08001410                Default_Handler
                0x08001410                EXTI15_10_IRQHandler
                0x08001410                ADC_IRQHandler
                0x08001410                DMA1_Stream7_IRQHandler
                0x08001410                TIM5_IRQHandler
                0x08001410                DMA2_Stream7_IRQHandler
                0x08001410                I2C3_EV_IRQHandler
                0x08001410                EXTI9_5_IRQHandler
                0x08001410                RTC_WKUP_IRQHandler
                0x08001410                SPI2_IRQHandler
                0x08001410                DMA1_Stream0_IRQHandler
                0x08001410                EXTI4_IRQHandler
                0x08001410                WWDG_IRQHandler
                0x08001410                TIM2_IRQHandler
                0x08001410                OTG_FS_WKUP_IRQHandler
                0x08001410                TIM1_TRG_COM_TIM11_IRQHandler
                0x08001410                EXTI1_IRQHandler
                0x08001410                USART2_IRQHandler
                0x08001410                I2C2_ER_IRQHandler
                0x08001410                DMA2_Stream1_IRQHandler
                0x08001410                FLASH_IRQHandler
                0x08001410                DMA2_Stream4_IRQHandler
                0x08001410                USART1_IRQHandler
                0x08001410                OTG_FS_IRQHandler
                0x08001410                SPI3_IRQHandler
                0x08001410                DMA1_Stream4_IRQHandler
                0x08001410                I2C1_ER_IRQHandler
                0x08001410                DMA2_Stream6_IRQHandler
                0x08001410                DMA1_Stream3_IRQHandler
 *fill*         0x08001412        0x2 
 .text.HAL_Init
                0x08001414       0x44 ./Drivers/STM32F4xx_HAL_Driver/Src/stm32f4xx_hal.o
                0x08001414                HAL_Init
 .text.HAL_InitTick
                0x08001458       0x60 ./Drivers/STM32F4xx_HAL_Driver/Src/stm32f4xx_hal.o
                0x08001458                HAL_InitTick
 .text.HAL_IncTick
                0x080014b8       0x28 ./Drivers/STM32F4xx_HAL_Driver/Src/stm32f4xx_hal.o
                0x080014b8                HAL_IncTick
 .text.HAL_GetTick
                0x080014e0       0x18 ./Drivers/STM32F4xx_HAL_Driver/Src/stm32f4xx_hal.o
                0x080014e0                HAL_GetTick
 .text.__NVIC_SetPriorityGrouping
                0x080014f8       0x48 ./Drivers/STM32F4xx_HAL_Driver/Src/stm32f4xx_hal_cortex.o
 .text.__NVIC_GetPriorityGrouping
                0x08001540       0x1c ./Drivers/STM32F4xx_HAL_Driver/Src/stm32f4xx_hal_cortex.o
 .text.__NVIC_SetPriority
                0x0800155c       0x54 ./Drivers/STM32F4xx_HAL_Driver/Src/stm32f4xx_hal_cortex.o
 .text.NVIC_EncodePriority
                0x080015b0       0x66 ./Drivers/STM32F4xx_HAL_Driver/Src/stm32f4xx_hal_cortex.o
 *fill*         0x08001616        0x2 
 .text.SysTick_Config
                0x08001618       0x44 ./Drivers/STM32F4xx_HAL_Driver/Src/stm32f4xx_hal_cortex.o
 .text.HAL_NVIC_SetPriorityGrouping
                0x0800165c       0x16 ./Drivers/STM32F4xx_HAL_Driver/Src/stm32f4xx_hal_cortex.o
                0x0800165c                HAL_NVIC_SetPriorityGrouping
 .text.HAL_NVIC_SetPriority
                0x08001672       0x38 ./Drivers/STM32F4xx_HAL_Driver/Src/stm32f4xx_hal_cortex.o
                0x08001672                HAL_NVIC_SetPriority
 .text.HAL_SYSTICK_Config
                0x080016aa       0x18 ./Drivers/STM32F4xx_HAL_Driver/Src/stm32f4xx_hal_cortex.o
                0x080016aa                HAL_SYSTICK_Config
 *fill*         0x080016c2        0x2 
 .text.HAL_GPIO_Init
                0x080016c4      0x308 ./Drivers/STM32F4xx_HAL_Driver/Src/stm32f4xx_hal_gpio.o
                0x080016c4                HAL_GPIO_Init
 .text.HAL_GPIO_WritePin
                0x080019cc       0x32 ./Drivers/STM32F4xx_HAL_Driver/Src/stm32f4xx_hal_gpio.o
                0x080019cc                HAL_GPIO_WritePin
 *fill*         0x080019fe        0x2 
 .text.HAL_RCC_OscConfig
                0x08001a00      0x4f0 ./Drivers/STM32F4xx_HAL_Driver/Src/stm32f4xx_hal_rcc.o
                0x08001a00                HAL_RCC_OscConfig
 .text.HAL_RCC_ClockConfig
                0x08001ef0      0x1cc ./Drivers/STM32F4xx_HAL_Driver/Src/stm32f4xx_hal_rcc.o
                0x08001ef0                HAL_RCC_ClockConfig
 .text.HAL_RCC_GetSysClockFreq
                0x080020bc      0x18c ./Drivers/STM32F4xx_HAL_Driver/Src/stm32f4xx_hal_rcc.o
                0x080020bc                HAL_RCC_GetSysClockFreq
 .text.HAL_RCC_GetHCLKFreq
                0x08002248       0x18 ./Drivers/STM32F4xx_HAL_Driver/Src/stm32f4xx_hal_rcc.o
                0x08002248                HAL_RCC_GetHCLKFreq
 .text.HAL_RCC_GetPCLK1Freq
                0x08002260       0x28 ./Drivers/STM32F4xx_HAL_Driver/Src/stm32f4xx_hal_rcc.o
                0x08002260                HAL_RCC_GetPCLK1Freq
 .text.HAL_RCC_GetPCLK2Freq
                0x08002288       0x28 ./Drivers/STM32F4xx_HAL_Driver/Src/stm32f4xx_hal_rcc.o
                0x08002288                HAL_RCC_GetPCLK2Freq
 .text.HAL_SPI_Init
                0x080022b0      0x112 ./Drivers/STM32F4xx_HAL_Driver/Src/stm32f4xx_hal_spi.o
                0x080022b0                HAL_SPI_Init
 .text.HAL_SPI_Transmit
                0x080023c2      0x288 ./Drivers/STM32F4xx_HAL_Driver/Src/stm32f4xx_hal_spi.o
                0x080023c2                HAL_SPI_Transmit
 .text.HAL_SPI_Receive
                0x0800264a      0x232 ./Drivers/STM32F4xx_HAL_Driver/Src/stm32f4xx_hal_spi.o
                0x0800264a                HAL_SPI_Receive
 .text.HAL_SPI_TransmitReceive
                0x0800287c      0x352 ./Drivers/STM32F4xx_HAL_Driver/Src/stm32f4xx_hal_spi.o
                0x0800287c                HAL_SPI_TransmitReceive
 *fill*         0x08002bce        0x2 
 .text.SPI_WaitFlagStateUntilTimeout
                0x08002bd0      0x110 ./Drivers/STM32F4xx_HAL_Driver/Src/stm32f4xx_hal_spi.o
 .text.SPI_EndRxTransaction
                0x08002ce0       0xca ./Drivers/STM32F4xx_HAL_Driver/Src/stm32f4xx_hal_spi.o
 *fill*         0x08002daa        0x2 
 .text.SPI_EndRxTxTransaction
                0x08002dac       0xa8 ./Drivers/STM32F4xx_HAL_Driver/Src/stm32f4xx_hal_spi.o
 .text.HAL_UART_Init
                0x08002e54       0xa0 ./Drivers/STM32F4xx_HAL_Driver/Src/stm32f4xx_hal_uart.o
                0x08002e54                HAL_UART_Init
 .text.UART_SetConfig
                0x08002ef4      0x4e8 ./Drivers/STM32F4xx_HAL_Driver/Src/stm32f4xx_hal_uart.o
 .text.memset   0x080033dc       0x10 C:/ST/STM32CubeIDE_1.17.0/STM32CubeIDE/plugins/com.st.stm32cube.ide.mcu.externaltools.gnu-tools-for-stm32.12.3.rel1.win32_1.1.0.202410251130/tools/bin/../lib/gcc/arm-none-eabi/12.3.1/../../../../arm-none-eabi/lib/thumb/v7e-m+fp/hard\libc_nano.a(libc_a-memset.o)
                0x080033dc                memset
 .text.__libc_init_array
                0x080033ec       0x48 C:/ST/STM32CubeIDE_1.17.0/STM32CubeIDE/plugins/com.st.stm32cube.ide.mcu.externaltools.gnu-tools-for-stm32.12.3.rel1.win32_1.1.0.202410251130/tools/bin/../lib/gcc/arm-none-eabi/12.3.1/../../../../arm-none-eabi/lib/thumb/v7e-m+fp/hard\libc_nano.a(libc_a-init.o)
                0x080033ec                __libc_init_array
 *(.glue_7)
 .glue_7        0x08003434        0x0 linker stubs
 *(.glue_7t)
 .glue_7t       0x08003434        0x0 linker stubs
 *(.eh_frame)
 .eh_frame      0x08003434        0x0 C:/ST/STM32CubeIDE_1.17.0/STM32CubeIDE/plugins/com.st.stm32cube.ide.mcu.externaltools.gnu-tools-for-stm32.12.3.rel1.win32_1.1.0.202410251130/tools/bin/../lib/gcc/arm-none-eabi/12.3.1/thumb/v7e-m+fp/hard/crtbegin.o
 *(.init)
 .init          0x08003434        0x4 C:/ST/STM32CubeIDE_1.17.0/STM32CubeIDE/plugins/com.st.stm32cube.ide.mcu.externaltools.gnu-tools-for-stm32.12.3.rel1.win32_1.1.0.202410251130/tools/bin/../lib/gcc/arm-none-eabi/12.3.1/thumb/v7e-m+fp/hard/crti.o
                0x08003434                _init
 .init          0x08003438        0x8 C:/ST/STM32CubeIDE_1.17.0/STM32CubeIDE/plugins/com.st.stm32cube.ide.mcu.externaltools.gnu-tools-for-stm32.12.3.rel1.win32_1.1.0.202410251130/tools/bin/../lib/gcc/arm-none-eabi/12.3.1/thumb/v7e-m+fp/hard/crtn.o
 *(.fini)
 .fini          0x08003440        0x4 C:/ST/STM32CubeIDE_1.17.0/STM32CubeIDE/plugins/com.st.stm32cube.ide.mcu.externaltools.gnu-tools-for-stm32.12.3.rel1.win32_1.1.0.202410251130/tools/bin/../lib/gcc/arm-none-eabi/12.3.1/thumb/v7e-m+fp/hard/crti.o
                0x08003440                _fini
 .fini          0x08003444        0x8 C:/ST/STM32CubeIDE_1.17.0/STM32CubeIDE/plugins/com.st.stm32cube.ide.mcu.externaltools.gnu-tools-for-stm32.12.3.rel1.win32_1.1.0.202410251130/tools/bin/../lib/gcc/arm-none-eabi/12.3.1/thumb/v7e-m+fp/hard/crtn.o
                0x0800344c                        . = ALIGN (0x4)
                0x0800344c                        _etext = .

.vfp11_veneer   0x0800344c        0x0
 .vfp11_veneer  0x0800344c        0x0 linker stubs

.v4_bx          0x0800344c        0x0
 .v4_bx         0x0800344c        0x0 linker stubs

.iplt           0x0800344c        0x0
 .iplt          0x0800344c        0x0 C:/ST/STM32CubeIDE_1.17.0/STM32CubeIDE/plugins/com.st.stm32cube.ide.mcu.externaltools.gnu-tools-for-stm32.12.3.rel1.win32_1.1.0.202410251130/tools/bin/../lib/gcc/arm-none-eabi/12.3.1/thumb/v7e-m+fp/hard/crtbegin.o

.rodata         0x0800344c       0x18
                0x0800344c                        . = ALIGN (0x4)
 *(.rodata)
 *(.rodata*)
 .rodata.AHBPrescTable
                0x0800344c       0x10 ./Core/Src/system_stm32f4xx.o
                0x0800344c                AHBPrescTable
 .rodata.APBPrescTable
                0x0800345c        0x8 ./Core/Src/system_stm32f4xx.o
                0x0800345c                APBPrescTable
                0x08003464                        . = ALIGN (0x4)

.ARM.extab      0x08003464        0x0
                0x08003464                        . = ALIGN (0x4)
 *(.ARM.extab* .gnu.linkonce.armextab.*)
                0x08003464                        . = ALIGN (0x4)

.ARM            0x08003464        0x8
                0x08003464                        . = ALIGN (0x4)
                0x08003464                        __exidx_start = .
 *(.ARM.exidx*)
 .ARM.exidx     0x08003464        0x8 C:/ST/STM32CubeIDE_1.17.0/STM32CubeIDE/plugins/com.st.stm32cube.ide.mcu.externaltools.gnu-tools-for-stm32.12.3.rel1.win32_1.1.0.202410251130/tools/bin/../lib/gcc/arm-none-eabi/12.3.1/thumb/v7e-m+fp/hard\libgcc.a(_udivmoddi4.o)
                0x0800346c                        __exidx_end = .
                0x0800346c                        . = ALIGN (0x4)

.preinit_array  0x0800346c        0x0
                0x0800346c                        . = ALIGN (0x4)
                0x0800346c                        PROVIDE (__preinit_array_start = .)
 *(.preinit_array*)
                0x0800346c                        PROVIDE (__preinit_array_end = .)
                0x0800346c                        . = ALIGN (0x4)

.init_array     0x0800346c        0x4
                0x0800346c                        . = ALIGN (0x4)
                0x0800346c                        PROVIDE (__init_array_start = .)
 *(SORT_BY_NAME(.init_array.*))
 *(.init_array*)
 .init_array    0x0800346c        0x4 C:/ST/STM32CubeIDE_1.17.0/STM32CubeIDE/plugins/com.st.stm32cube.ide.mcu.externaltools.gnu-tools-for-stm32.12.3.rel1.win32_1.1.0.202410251130/tools/bin/../lib/gcc/arm-none-eabi/12.3.1/thumb/v7e-m+fp/hard/crtbegin.o
                0x08003470                        PROVIDE (__init_array_end = .)
                0x08003470                        . = ALIGN (0x4)

.fini_array     0x08003470        0x4
                0x08003470                        . = ALIGN (0x4)
                [!provide]                        PROVIDE (__fini_array_start = .)
 *(SORT_BY_NAME(.fini_array.*))
 *(.fini_array*)
 .fini_array    0x08003470        0x4 C:/ST/STM32CubeIDE_1.17.0/STM32CubeIDE/plugins/com.st.stm32cube.ide.mcu.externaltools.gnu-tools-for-stm32.12.3.rel1.win32_1.1.0.202410251130/tools/bin/../lib/gcc/arm-none-eabi/12.3.1/thumb/v7e-m+fp/hard/crtbegin.o
                [!provide]                        PROVIDE (__fini_array_end = .)
                0x08003474                        . = ALIGN (0x4)
                0x08003474                        _sidata = LOADADDR (.data)

.rel.dyn        0x08003474        0x0
 .rel.iplt      0x08003474        0x0 C:/ST/STM32CubeIDE_1.17.0/STM32CubeIDE/plugins/com.st.stm32cube.ide.mcu.externaltools.gnu-tools-for-stm32.12.3.rel1.win32_1.1.0.202410251130/tools/bin/../lib/gcc/arm-none-eabi/12.3.1/thumb/v7e-m+fp/hard/crtbegin.o

.data           0x20000000       0x10 load address 0x08003474
                0x20000000                        . = ALIGN (0x4)
                0x20000000                        _sdata = .
 *(.data)
 *(.data*)
 .data.Read_Measurement_Start_Address
                0x20000000        0x1 ./Core/Src/main.o
                0x20000000                Read_Measurement_Start_Address
 *fill*         0x20000001        0x3 
 .data.SystemCoreClock
                0x20000004        0x4 ./Core/Src/system_stm32f4xx.o
                0x20000004                SystemCoreClock
 .data.uwTickPrio
                0x20000008        0x4 ./Drivers/STM32F4xx_HAL_Driver/Src/stm32f4xx_hal.o
                0x20000008                uwTickPrio
 .data.uwTickFreq
                0x2000000c        0x1 ./Drivers/STM32F4xx_HAL_Driver/Src/stm32f4xx_hal.o
                0x2000000c                uwTickFreq
 *(.RamFunc)
 *(.RamFunc*)
                0x20000010                        . = ALIGN (0x4)
 *fill*         0x2000000d        0x3 
                0x20000010                        _edata = .

.igot.plt       0x20000010        0x0 load address 0x08003484
 .igot.plt      0x20000010        0x0 C:/ST/STM32CubeIDE_1.17.0/STM32CubeIDE/plugins/com.st.stm32cube.ide.mcu.externaltools.gnu-tools-for-stm32.12.3.rel1.win32_1.1.0.202410251130/tools/bin/../lib/gcc/arm-none-eabi/12.3.1/thumb/v7e-m+fp/hard/crtbegin.o
                0x20000010                        . = ALIGN (0x4)

.bss            0x20000010       0xe0 load address 0x08003484
                0x20000010                        _sbss = .
                0x20000010                        __bss_start__ = _sbss
 *(.bss)
 .bss           0x20000010       0x1c C:/ST/STM32CubeIDE_1.17.0/STM32CubeIDE/plugins/com.st.stm32cube.ide.mcu.externaltools.gnu-tools-for-stm32.12.3.rel1.win32_1.1.0.202410251130/tools/bin/../lib/gcc/arm-none-eabi/12.3.1/thumb/v7e-m+fp/hard/crtbegin.o
 *(.bss*)
 .bss.Continuous_Measurement_Mode_Value
                0x2000002c        0x1 ./Core/Src/main.o
                0x2000002c                Continuous_Measurement_Mode_Value
 .bss.RM3100_Init_Status
                0x2000002d        0x1 ./Core/Src/main.o
                0x2000002d                RM3100_Init_Status
 *fill*         0x2000002e        0x2 
 .bss.buffer    0x20000030        0x9 ./Core/Src/main.o
                0x20000030                buffer
 .bss.RM3100_status
                0x20000039        0x1 ./Core/Src/main.o
                0x20000039                RM3100_status
 *fill*         0x2000003a        0x2 
 .bss.Mx        0x2000003c        0x4 ./Core/Src/main.o
                0x2000003c                Mx
 .bss.My        0x20000040        0x4 ./Core/Src/main.o
                0x20000040                My
 .bss.Mz        0x20000044        0x4 ./Core/Src/main.o
                0x20000044                Mz
 .bss.RM3100    0x20000048        0x3 ./Core/Src/main.o
 *fill*         0x2000004b        0x1 
 .bss.hspi1     0x2000004c       0x58 ./Core/Src/main.o
                0x2000004c                hspi1
 .bss.huart1    0x200000a4       0x48 ./Core/Src/main.o
                0x200000a4                huart1
 .bss.uwTick    0x200000ec        0x4 ./Drivers/STM32F4xx_HAL_Driver/Src/stm32f4xx_hal.o
                0x200000ec                uwTick
 *(COMMON)
                0x200000f0                        . = ALIGN (0x4)
                0x200000f0                        _ebss = .
                0x200000f0                        __bss_end__ = _ebss

._user_heap_stack
                0x200000f0      0x600 load address 0x08003484
                0x200000f0                        . = ALIGN (0x8)
                [!provide]                        PROVIDE (end = .)
                0x200000f0                        PROVIDE (_end = .)
                0x200002f0                        . = (. + _Min_Heap_Size)
 *fill*         0x200000f0      0x200 
                0x200006f0                        . = (. + _Min_Stack_Size)
 *fill*         0x200002f0      0x400 
                0x200006f0                        . = ALIGN (0x8)

/DISCARD/
 libc.a(*)
 libm.a(*)
 libgcc.a(*)

.ARM.attributes
                0x00000000       0x30
 *(.ARM.attributes)
 .ARM.attributes
                0x00000000       0x22 C:/ST/STM32CubeIDE_1.17.0/STM32CubeIDE/plugins/com.st.stm32cube.ide.mcu.externaltools.gnu-tools-for-stm32.12.3.rel1.win32_1.1.0.202410251130/tools/bin/../lib/gcc/arm-none-eabi/12.3.1/thumb/v7e-m+fp/hard/crti.o
 .ARM.attributes
                0x00000022       0x34 C:/ST/STM32CubeIDE_1.17.0/STM32CubeIDE/plugins/com.st.stm32cube.ide.mcu.externaltools.gnu-tools-for-stm32.12.3.rel1.win32_1.1.0.202410251130/tools/bin/../lib/gcc/arm-none-eabi/12.3.1/thumb/v7e-m+fp/hard/crtbegin.o
 .ARM.attributes
                0x00000056       0x34 ./Core/Src/RM3100.o
 .ARM.attributes
                0x0000008a       0x34 ./Core/Src/main.o
 .ARM.attributes
                0x000000be       0x34 ./Core/Src/stm32f4xx_hal_msp.o
 .ARM.attributes
                0x000000f2       0x34 ./Core/Src/stm32f4xx_it.o
 .ARM.attributes
                0x00000126       0x34 ./Core/Src/system_stm32f4xx.o
 .ARM.attributes
                0x0000015a       0x21 ./Core/Startup/startup_stm32f401ccux.o
 .ARM.attributes
                0x0000017b       0x34 ./Drivers/STM32F4xx_HAL_Driver/Src/stm32f4xx_hal.o
 .ARM.attributes
                0x000001af       0x34 ./Drivers/STM32F4xx_HAL_Driver/Src/stm32f4xx_hal_cortex.o
 .ARM.attributes
                0x000001e3       0x34 ./Drivers/STM32F4xx_HAL_Driver/Src/stm32f4xx_hal_gpio.o
 .ARM.attributes
                0x00000217       0x34 ./Drivers/STM32F4xx_HAL_Driver/Src/stm32f4xx_hal_rcc.o
 .ARM.attributes
                0x0000024b       0x34 ./Drivers/STM32F4xx_HAL_Driver/Src/stm32f4xx_hal_spi.o
 .ARM.attributes
                0x0000027f       0x34 ./Drivers/STM32F4xx_HAL_Driver/Src/stm32f4xx_hal_uart.o
 .ARM.attributes
                0x000002b3       0x34 C:/ST/STM32CubeIDE_1.17.0/STM32CubeIDE/plugins/com.st.stm32cube.ide.mcu.externaltools.gnu-tools-for-stm32.12.3.rel1.win32_1.1.0.202410251130/tools/bin/../lib/gcc/arm-none-eabi/12.3.1/../../../../arm-none-eabi/lib/thumb/v7e-m+fp/hard\libc_nano.a(libc_a-memset.o)
 .ARM.attributes
                0x000002e7       0x34 C:/ST/STM32CubeIDE_1.17.0/STM32CubeIDE/plugins/com.st.stm32cube.ide.mcu.externaltools.gnu-tools-for-stm32.12.3.rel1.win32_1.1.0.202410251130/tools/bin/../lib/gcc/arm-none-eabi/12.3.1/../../../../arm-none-eabi/lib/thumb/v7e-m+fp/hard\libc_nano.a(libc_a-init.o)
 .ARM.attributes
                0x0000031b       0x22 C:/ST/STM32CubeIDE_1.17.0/STM32CubeIDE/plugins/com.st.stm32cube.ide.mcu.externaltools.gnu-tools-for-stm32.12.3.rel1.win32_1.1.0.202410251130/tools/bin/../lib/gcc/arm-none-eabi/12.3.1/thumb/v7e-m+fp/hard\libgcc.a(_arm_muldf3.o)
 .ARM.attributes
                0x0000033d       0x22 C:/ST/STM32CubeIDE_1.17.0/STM32CubeIDE/plugins/com.st.stm32cube.ide.mcu.externaltools.gnu-tools-for-stm32.12.3.rel1.win32_1.1.0.202410251130/tools/bin/../lib/gcc/arm-none-eabi/12.3.1/thumb/v7e-m+fp/hard\libgcc.a(_arm_addsubdf3.o)
 .ARM.attributes
                0x0000035f       0x22 C:/ST/STM32CubeIDE_1.17.0/STM32CubeIDE/plugins/com.st.stm32cube.ide.mcu.externaltools.gnu-tools-for-stm32.12.3.rel1.win32_1.1.0.202410251130/tools/bin/../lib/gcc/arm-none-eabi/12.3.1/thumb/v7e-m+fp/hard\libgcc.a(_arm_truncdfsf2.o)
 .ARM.attributes
                0x00000381       0x22 C:/ST/STM32CubeIDE_1.17.0/STM32CubeIDE/plugins/com.st.stm32cube.ide.mcu.externaltools.gnu-tools-for-stm32.12.3.rel1.win32_1.1.0.202410251130/tools/bin/../lib/gcc/arm-none-eabi/12.3.1/thumb/v7e-m+fp/hard\libgcc.a(_aeabi_uldivmod.o)
 .ARM.attributes
                0x000003a3       0x34 C:/ST/STM32CubeIDE_1.17.0/STM32CubeIDE/plugins/com.st.stm32cube.ide.mcu.externaltools.gnu-tools-for-stm32.12.3.rel1.win32_1.1.0.202410251130/tools/bin/../lib/gcc/arm-none-eabi/12.3.1/thumb/v7e-m+fp/hard\libgcc.a(_udivmoddi4.o)
 .ARM.attributes
                0x000003d7       0x22 C:/ST/STM32CubeIDE_1.17.0/STM32CubeIDE/plugins/com.st.stm32cube.ide.mcu.externaltools.gnu-tools-for-stm32.12.3.rel1.win32_1.1.0.202410251130/tools/bin/../lib/gcc/arm-none-eabi/12.3.1/thumb/v7e-m+fp/hard\libgcc.a(_dvmd_tls.o)
 .ARM.attributes
                0x000003f9       0x22 C:/ST/STM32CubeIDE_1.17.0/STM32CubeIDE/plugins/com.st.stm32cube.ide.mcu.externaltools.gnu-tools-for-stm32.12.3.rel1.win32_1.1.0.202410251130/tools/bin/../lib/gcc/arm-none-eabi/12.3.1/thumb/v7e-m+fp/hard/crtn.o
OUTPUT(RM3100_Digital_Compass.elf elf32-littlearm)
LOAD linker stubs
LOAD C:/ST/STM32CubeIDE_1.17.0/STM32CubeIDE/plugins/com.st.stm32cube.ide.mcu.externaltools.gnu-tools-for-stm32.12.3.rel1.win32_1.1.0.202410251130/tools/bin/../lib/gcc/arm-none-eabi/12.3.1/../../../../arm-none-eabi/lib/thumb/v7e-m+fp/hard\libc.a
LOAD C:/ST/STM32CubeIDE_1.17.0/STM32CubeIDE/plugins/com.st.stm32cube.ide.mcu.externaltools.gnu-tools-for-stm32.12.3.rel1.win32_1.1.0.202410251130/tools/bin/../lib/gcc/arm-none-eabi/12.3.1/../../../../arm-none-eabi/lib/thumb/v7e-m+fp/hard\libm.a
LOAD C:/ST/STM32CubeIDE_1.17.0/STM32CubeIDE/plugins/com.st.stm32cube.ide.mcu.externaltools.gnu-tools-for-stm32.12.3.rel1.win32_1.1.0.202410251130/tools/bin/../lib/gcc/arm-none-eabi/12.3.1/thumb/v7e-m+fp/hard\libgcc.a

.debug_info     0x00000000     0x9781
 .debug_info    0x00000000      0x1b7 ./Core/Src/RM3100.o
 .debug_info    0x000001b7     0x12cd ./Core/Src/main.o
 .debug_info    0x00001484      0xcc7 ./Core/Src/stm32f4xx_hal_msp.o
 .debug_info    0x0000214b      0x121 ./Core/Src/stm32f4xx_it.o
 .debug_info    0x0000226c      0x54f ./Core/Src/system_stm32f4xx.o
 .debug_info    0x000027bb       0x2f ./Core/Startup/startup_stm32f401ccux.o
 .debug_info    0x000027ea      0x906 ./Drivers/STM32F4xx_HAL_Driver/Src/stm32f4xx_hal.o
 .debug_info    0x000030f0      0xdcd ./Drivers/STM32F4xx_HAL_Driver/Src/stm32f4xx_hal_cortex.o
 .debug_info    0x00003ebd      0x78e ./Drivers/STM32F4xx_HAL_Driver/Src/stm32f4xx_hal_gpio.o
 .debug_info    0x0000464b      0x98c ./Drivers/STM32F4xx_HAL_Driver/Src/stm32f4xx_hal_rcc.o
 .debug_info    0x00004fd7     0x1661 ./Drivers/STM32F4xx_HAL_Driver/Src/stm32f4xx_hal_spi.o
 .debug_info    0x00006638     0x3149 ./Drivers/STM32F4xx_HAL_Driver/Src/stm32f4xx_hal_uart.o

.debug_abbrev   0x00000000     0x15e2
 .debug_abbrev  0x00000000       0xc7 ./Core/Src/RM3100.o
 .debug_abbrev  0x000000c7      0x2ae ./Core/Src/main.o
 .debug_abbrev  0x00000375      0x19b ./Core/Src/stm32f4xx_hal_msp.o
 .debug_abbrev  0x00000510       0x74 ./Core/Src/stm32f4xx_it.o
 .debug_abbrev  0x00000584      0x116 ./Core/Src/system_stm32f4xx.o
 .debug_abbrev  0x0000069a       0x24 ./Core/Startup/startup_stm32f401ccux.o
 .debug_abbrev  0x000006be      0x23e ./Drivers/STM32F4xx_HAL_Driver/Src/stm32f4xx_hal.o
 .debug_abbrev  0x000008fc      0x30d ./Drivers/STM32F4xx_HAL_Driver/Src/stm32f4xx_hal_cortex.o
 .debug_abbrev  0x00000c09      0x1c4 ./Drivers/STM32F4xx_HAL_Driver/Src/stm32f4xx_hal_gpio.o
 .debug_abbrev  0x00000dcd      0x2aa ./Drivers/STM32F4xx_HAL_Driver/Src/stm32f4xx_hal_rcc.o
 .debug_abbrev  0x00001077      0x266 ./Drivers/STM32F4xx_HAL_Driver/Src/stm32f4xx_hal_spi.o
 .debug_abbrev  0x000012dd      0x305 ./Drivers/STM32F4xx_HAL_Driver/Src/stm32f4xx_hal_uart.o

.debug_aranges  0x00000000      0x850
 .debug_aranges
                0x00000000       0x30 ./Core/Src/RM3100.o
 .debug_aranges
                0x00000030       0x58 ./Core/Src/main.o
 .debug_aranges
                0x00000088       0x40 ./Core/Src/stm32f4xx_hal_msp.o
 .debug_aranges
                0x000000c8       0x60 ./Core/Src/stm32f4xx_it.o
 .debug_aranges
                0x00000128       0x28 ./Core/Src/system_stm32f4xx.o
 .debug_aranges
                0x00000150       0x28 ./Core/Startup/startup_stm32f401ccux.o
 .debug_aranges
                0x00000178       0xf0 ./Drivers/STM32F4xx_HAL_Driver/Src/stm32f4xx_hal.o
 .debug_aranges
                0x00000268      0x130 ./Drivers/STM32F4xx_HAL_Driver/Src/stm32f4xx_hal_cortex.o
 .debug_aranges
                0x00000398       0x58 ./Drivers/STM32F4xx_HAL_Driver/Src/stm32f4xx_hal_gpio.o
 .debug_aranges
                0x000003f0       0x88 ./Drivers/STM32F4xx_HAL_Driver/Src/stm32f4xx_hal_rcc.o
 .debug_aranges
                0x00000478      0x1d0 ./Drivers/STM32F4xx_HAL_Driver/Src/stm32f4xx_hal_spi.o
 .debug_aranges
                0x00000648      0x208 ./Drivers/STM32F4xx_HAL_Driver/Src/stm32f4xx_hal_uart.o

.debug_ranges   0x00000000      0x7c8
 .debug_ranges  0x00000000       0x20 ./Core/Src/RM3100.o
 .debug_ranges  0x00000020       0x48 ./Core/Src/main.o
 .debug_ranges  0x00000068       0x30 ./Core/Src/stm32f4xx_hal_msp.o
 .debug_ranges  0x00000098       0x50 ./Core/Src/stm32f4xx_it.o
 .debug_ranges  0x000000e8       0x18 ./Core/Src/system_stm32f4xx.o
 .debug_ranges  0x00000100       0x20 ./Core/Startup/startup_stm32f401ccux.o
 .debug_ranges  0x00000120       0xe0 ./Drivers/STM32F4xx_HAL_Driver/Src/stm32f4xx_hal.o
 .debug_ranges  0x00000200      0x120 ./Drivers/STM32F4xx_HAL_Driver/Src/stm32f4xx_hal_cortex.o
 .debug_ranges  0x00000320       0x48 ./Drivers/STM32F4xx_HAL_Driver/Src/stm32f4xx_hal_gpio.o
 .debug_ranges  0x00000368       0x78 ./Drivers/STM32F4xx_HAL_Driver/Src/stm32f4xx_hal_rcc.o
 .debug_ranges  0x000003e0      0x1c0 ./Drivers/STM32F4xx_HAL_Driver/Src/stm32f4xx_hal_spi.o
 .debug_ranges  0x000005a0      0x228 ./Drivers/STM32F4xx_HAL_Driver/Src/stm32f4xx_hal_uart.o

.debug_macro    0x00000000    0x14e49
 .debug_macro   0x00000000      0x1e0 ./Core/Src/RM3100.o
 .debug_macro   0x000001e0      0xab4 ./Core/Src/RM3100.o
 .debug_macro   0x00000c94       0x22 ./Core/Src/RM3100.o
 .debug_macro   0x00000cb6       0x8e ./Core/Src/RM3100.o
 .debug_macro   0x00000d44       0x51 ./Core/Src/RM3100.o
 .debug_macro   0x00000d95      0x103 ./Core/Src/RM3100.o
 .debug_macro   0x00000e98       0x6a ./Core/Src/RM3100.o
 .debug_macro   0x00000f02      0x1df ./Core/Src/RM3100.o
 .debug_macro   0x000010e1      0x29b ./Core/Src/RM3100.o
 .debug_macro   0x0000137c       0x2e ./Core/Src/RM3100.o
 .debug_macro   0x000013aa       0x28 ./Core/Src/RM3100.o
 .debug_macro   0x000013d2       0x1c ./Core/Src/RM3100.o
 .debug_macro   0x000013ee       0x22 ./Core/Src/RM3100.o
 .debug_macro   0x00001410       0xfb ./Core/Src/RM3100.o
 .debug_macro   0x0000150b     0x1011 ./Core/Src/RM3100.o
 .debug_macro   0x0000251c      0x11f ./Core/Src/RM3100.o
 .debug_macro   0x0000263b     0xb86c ./Core/Src/RM3100.o
 .debug_macro   0x0000dea7       0x6d ./Core/Src/RM3100.o
 .debug_macro   0x0000df14     0x369a ./Core/Src/RM3100.o
 .debug_macro   0x000115ae      0x189 ./Core/Src/RM3100.o
 .debug_macro   0x00011737       0x5c ./Core/Src/RM3100.o
 .debug_macro   0x00011793      0x416 ./Core/Src/RM3100.o
 .debug_macro   0x00011ba9      0x9e9 ./Core/Src/RM3100.o
 .debug_macro   0x00012592      0x115 ./Core/Src/RM3100.o
 .debug_macro   0x000126a7       0xf8 ./Core/Src/RM3100.o
 .debug_macro   0x0001279f       0xa5 ./Core/Src/RM3100.o
 .debug_macro   0x00012844      0x15f ./Core/Src/RM3100.o
 .debug_macro   0x000129a3      0x287 ./Core/Src/RM3100.o
 .debug_macro   0x00012c2a       0x5f ./Core/Src/RM3100.o
 .debug_macro   0x00012c89      0x236 ./Core/Src/RM3100.o
 .debug_macro   0x00012ebf      0x132 ./Core/Src/RM3100.o
 .debug_macro   0x00012ff1      0x23a ./Core/Src/RM3100.o
 .debug_macro   0x0001322b       0x2e ./Core/Src/RM3100.o
 .debug_macro   0x00013259      0x127 ./Core/Src/RM3100.o
 .debug_macro   0x00013380       0x85 ./Core/Src/RM3100.o
 .debug_macro   0x00013405       0x89 ./Core/Src/RM3100.o
 .debug_macro   0x0001348e      0x225 ./Core/Src/RM3100.o
 .debug_macro   0x000136b3      0x2aa ./Core/Src/RM3100.o
 .debug_macro   0x0001395d      0x126 ./Core/Src/RM3100.o
 .debug_macro   0x00013a83       0x10 ./Core/Src/RM3100.o
 .debug_macro   0x00013a93      0x130 ./Core/Src/RM3100.o
 .debug_macro   0x00013bc3      0x1e0 ./Core/Src/main.o
 .debug_macro   0x00013da3      0x1d3 ./Core/Src/stm32f4xx_hal_msp.o
 .debug_macro   0x00013f76      0x1dd ./Core/Src/stm32f4xx_it.o
 .debug_macro   0x00014153      0x1c4 ./Core/Src/system_stm32f4xx.o
 .debug_macro   0x00014317      0x224 ./Drivers/STM32F4xx_HAL_Driver/Src/stm32f4xx_hal.o
 .debug_macro   0x0001453b      0x1c4 ./Drivers/STM32F4xx_HAL_Driver/Src/stm32f4xx_hal_cortex.o
 .debug_macro   0x000146ff      0x1ca ./Drivers/STM32F4xx_HAL_Driver/Src/stm32f4xx_hal_gpio.o
 .debug_macro   0x000148c9      0x1e8 ./Drivers/STM32F4xx_HAL_Driver/Src/stm32f4xx_hal_rcc.o
 .debug_macro   0x00014ab1      0x1d3 ./Drivers/STM32F4xx_HAL_Driver/Src/stm32f4xx_hal_spi.o
 .debug_macro   0x00014c84      0x1c5 ./Drivers/STM32F4xx_HAL_Driver/Src/stm32f4xx_hal_uart.o

.debug_line     0x00000000     0x9f37
 .debug_line    0x00000000      0x7a2 ./Core/Src/RM3100.o
 .debug_line    0x000007a2      0x94f ./Core/Src/main.o
 .debug_line    0x000010f1      0x7c6 ./Core/Src/stm32f4xx_hal_msp.o
 .debug_line    0x000018b7      0x7ef ./Core/Src/stm32f4xx_it.o
 .debug_line    0x000020a6      0x7b1 ./Core/Src/system_stm32f4xx.o
 .debug_line    0x00002857       0x89 ./Core/Startup/startup_stm32f401ccux.o
 .debug_line    0x000028e0      0xa1a ./Drivers/STM32F4xx_HAL_Driver/Src/stm32f4xx_hal.o
 .debug_line    0x000032fa      0xd0c ./Drivers/STM32F4xx_HAL_Driver/Src/stm32f4xx_hal_cortex.o
 .debug_line    0x00004006      0xb6a ./Drivers/STM32F4xx_HAL_Driver/Src/stm32f4xx_hal_gpio.o
 .debug_line    0x00004b70      0xda3 ./Drivers/STM32F4xx_HAL_Driver/Src/stm32f4xx_hal_rcc.o
 .debug_line    0x00005913     0x1d38 ./Drivers/STM32F4xx_HAL_Driver/Src/stm32f4xx_hal_spi.o
 .debug_line    0x0000764b     0x28ec ./Drivers/STM32F4xx_HAL_Driver/Src/stm32f4xx_hal_uart.o

.debug_str      0x00000000    0x83371
 .debug_str     0x00000000    0x808fc ./Core/Src/RM3100.o
                              0x80b7a (size before relaxing)
 .debug_str     0x000808fc      0xbdc ./Core/Src/main.o
                              0x8175b (size before relaxing)
 .debug_str     0x000814d8       0x8d ./Core/Src/stm32f4xx_hal_msp.o
                              0x80f46 (size before relaxing)
 .debug_str     0x00081565       0xc9 ./Core/Src/stm32f4xx_it.o
                              0x807ea (size before relaxing)
 .debug_str     0x0008162e       0xdb ./Core/Src/system_stm32f4xx.o
                              0x808f3 (size before relaxing)
 .debug_str     0x00081709       0x44 ./Core/Startup/startup_stm32f401ccux.o
                                 0x91 (size before relaxing)
 .debug_str     0x0008174d      0x9ae ./Drivers/STM32F4xx_HAL_Driver/Src/stm32f4xx_hal.o
                              0x81315 (size before relaxing)
 .debug_str     0x000820fb      0x388 ./Drivers/STM32F4xx_HAL_Driver/Src/stm32f4xx_hal_cortex.o
                              0x8107f (size before relaxing)
 .debug_str     0x00082483      0x121 ./Drivers/STM32F4xx_HAL_Driver/Src/stm32f4xx_hal_gpio.o
                              0x80a6e (size before relaxing)
 .debug_str     0x000825a4      0x233 ./Drivers/STM32F4xx_HAL_Driver/Src/stm32f4xx_hal_rcc.o
                              0x80d27 (size before relaxing)
 .debug_str     0x000827d7      0x57b ./Drivers/STM32F4xx_HAL_Driver/Src/stm32f4xx_hal_spi.o
                              0x8119f (size before relaxing)
 .debug_str     0x00082d52      0x61f ./Drivers/STM32F4xx_HAL_Driver/Src/stm32f4xx_hal_uart.o
                              0x812f6 (size before relaxing)

.comment        0x00000000       0x43
 .comment       0x00000000       0x43 ./Core/Src/RM3100.o
                                 0x44 (size before relaxing)
 .comment       0x00000043       0x44 ./Core/Src/main.o
 .comment       0x00000043       0x44 ./Core/Src/stm32f4xx_hal_msp.o
 .comment       0x00000043       0x44 ./Core/Src/stm32f4xx_it.o
 .comment       0x00000043       0x44 ./Core/Src/system_stm32f4xx.o
 .comment       0x00000043       0x44 ./Drivers/STM32F4xx_HAL_Driver/Src/stm32f4xx_hal.o
 .comment       0x00000043       0x44 ./Drivers/STM32F4xx_HAL_Driver/Src/stm32f4xx_hal_cortex.o
 .comment       0x00000043       0x44 ./Drivers/STM32F4xx_HAL_Driver/Src/stm32f4xx_hal_gpio.o
 .comment       0x00000043       0x44 ./Drivers/STM32F4xx_HAL_Driver/Src/stm32f4xx_hal_rcc.o
 .comment       0x00000043       0x44 ./Drivers/STM32F4xx_HAL_Driver/Src/stm32f4xx_hal_spi.o
 .comment       0x00000043       0x44 ./Drivers/STM32F4xx_HAL_Driver/Src/stm32f4xx_hal_uart.o

.debug_frame    0x00000000     0x22a0
 .debug_frame   0x00000000       0x88 ./Core/Src/RM3100.o
 .debug_frame   0x00000088      0x110 ./Core/Src/main.o
 .debug_frame   0x00000198       0xc8 ./Core/Src/stm32f4xx_hal_msp.o
 .debug_frame   0x00000260      0x104 ./Core/Src/stm32f4xx_it.o
 .debug_frame   0x00000364       0x58 ./Core/Src/system_stm32f4xx.o
 .debug_frame   0x000003bc      0x374 ./Drivers/STM32F4xx_HAL_Driver/Src/stm32f4xx_hal.o
 .debug_frame   0x00000730      0x508 ./Drivers/STM32F4xx_HAL_Driver/Src/stm32f4xx_hal_cortex.o
 .debug_frame   0x00000c38      0x14c ./Drivers/STM32F4xx_HAL_Driver/Src/stm32f4xx_hal_gpio.o
 .debug_frame   0x00000d84      0x1f4 ./Drivers/STM32F4xx_HAL_Driver/Src/stm32f4xx_hal_rcc.o
 .debug_frame   0x00000f78      0x828 ./Drivers/STM32F4xx_HAL_Driver/Src/stm32f4xx_hal_spi.o
 .debug_frame   0x000017a0      0x954 ./Drivers/STM32F4xx_HAL_Driver/Src/stm32f4xx_hal_uart.o
 .debug_frame   0x000020f4       0x20 C:/ST/STM32CubeIDE_1.17.0/STM32CubeIDE/plugins/com.st.stm32cube.ide.mcu.externaltools.gnu-tools-for-stm32.12.3.rel1.win32_1.1.0.202410251130/tools/bin/../lib/gcc/arm-none-eabi/12.3.1/../../../../arm-none-eabi/lib/thumb/v7e-m+fp/hard\libc_nano.a(libc_a-memset.o)
 .debug_frame   0x00002114       0x2c C:/ST/STM32CubeIDE_1.17.0/STM32CubeIDE/plugins/com.st.stm32cube.ide.mcu.externaltools.gnu-tools-for-stm32.12.3.rel1.win32_1.1.0.202410251130/tools/bin/../lib/gcc/arm-none-eabi/12.3.1/../../../../arm-none-eabi/lib/thumb/v7e-m+fp/hard\libc_nano.a(libc_a-init.o)
 .debug_frame   0x00002140       0x30 C:/ST/STM32CubeIDE_1.17.0/STM32CubeIDE/plugins/com.st.stm32cube.ide.mcu.externaltools.gnu-tools-for-stm32.12.3.rel1.win32_1.1.0.202410251130/tools/bin/../lib/gcc/arm-none-eabi/12.3.1/thumb/v7e-m+fp/hard\libgcc.a(_arm_muldf3.o)
 .debug_frame   0x00002170       0xac C:/ST/STM32CubeIDE_1.17.0/STM32CubeIDE/plugins/com.st.stm32cube.ide.mcu.externaltools.gnu-tools-for-stm32.12.3.rel1.win32_1.1.0.202410251130/tools/bin/../lib/gcc/arm-none-eabi/12.3.1/thumb/v7e-m+fp/hard\libgcc.a(_arm_addsubdf3.o)
 .debug_frame   0x0000221c       0x24 C:/ST/STM32CubeIDE_1.17.0/STM32CubeIDE/plugins/com.st.stm32cube.ide.mcu.externaltools.gnu-tools-for-stm32.12.3.rel1.win32_1.1.0.202410251130/tools/bin/../lib/gcc/arm-none-eabi/12.3.1/thumb/v7e-m+fp/hard\libgcc.a(_arm_truncdfsf2.o)
 .debug_frame   0x00002240       0x2c C:/ST/STM32CubeIDE_1.17.0/STM32CubeIDE/plugins/com.st.stm32cube.ide.mcu.externaltools.gnu-tools-for-stm32.12.3.rel1.win32_1.1.0.202410251130/tools/bin/../lib/gcc/arm-none-eabi/12.3.1/thumb/v7e-m+fp/hard\libgcc.a(_aeabi_uldivmod.o)
 .debug_frame   0x0000226c       0x34 C:/ST/STM32CubeIDE_1.17.0/STM32CubeIDE/plugins/com.st.stm32cube.ide.mcu.externaltools.gnu-tools-for-stm32.12.3.rel1.win32_1.1.0.202410251130/tools/bin/../lib/gcc/arm-none-eabi/12.3.1/thumb/v7e-m+fp/hard\libgcc.a(_udivmoddi4.o)
